Remove Pin=J1-1 From Net=RF1
Remove Pin=J2-1 From Net=RF2
Remove Pin=J3-1 From Net=DC1
Remove Pin=J3-2 From Net=DC2
Remove Pin=J3-3 From Net=DC3
Remove Pin=J3-4 From Net=DC4
Remove Pin=J3-5 From Net=DC5
Remove Pin=J3-6 From Net=DC6
Remove Pin=J3-7 From Net=DC7
Remove Pin=J3-8 From Net=DC8
Remove Pin=J3-9 From Net=DC9
Remove Pin=J3-10 From Net=DC10
Remove Pin=J3-11 From Net=DC11
Remove Pin=J3-12 From Net=DC12
Remove Pin=J3-13 From Net=DC13
Remove Pin=J3-14 From Net=DC14
Remove Pin=J3-15 From Net=DC15
Remove Pin=J3-16 From Net=DC16
Remove Pin=J3-17 From Net=DC17
Remove Pin=J3-18 From Net=DC18
Remove Pin=J3-19 From Net=DC19
Remove Pin=J3-20 From Net=Bias1
Remove Pin=J3-21 From Net=Bias2
Remove Pin=J3-22 From Net=Bias3
Remove Pin=J3-23 From Net=Bias4
Remove Pin=J3-24 From Net=Bias5
Remove Pin=J3-25 From Net=Bias6
Remove Pin=J4-1 From Net=RF3
Remove Pin=J5-1 From Net=RF4
Remove Pin=J6-1 From Net=RF5
Remove Pin=J7-1 From Net=RF6
Remove Pin=Q1-1 From Net=RFDC1
Remove Pin=Q1-2 From Net=DC1
Remove Pin=Q1-3 From Net=DC2
Remove Pin=Q1-4 From Net=DC3
Remove Pin=Q1-5 From Net=RFDC2
Remove Pin=Q1-6 From Net=DC4
Remove Pin=Q1-7 From Net=DC5
Remove Pin=Q1-8 From Net=RFDC3
Remove Pin=Q1-9 From Net=DC6
Remove Pin=Q1-10 From Net=DC7
Remove Pin=Q1-11 From Net=DC8
Remove Pin=Q1-12 From Net=DC9
Remove Pin=Q1-13 From Net=RFDC4
Remove Pin=Q1-14 From Net=RFDC5
Remove Pin=Q1-15 From Net=DC10
Remove Pin=Q1-16 From Net=DC11
Remove Pin=Q1-17 From Net=DC12
Remove Pin=Q1-18 From Net=DC13
Remove Pin=Q1-19 From Net=DC14
Remove Pin=Q1-20 From Net=RFDC6
Remove Pin=Q1-21 From Net=DC15
Remove Pin=Q1-22 From Net=DC16
Remove Pin=Q1-23 From Net=DC17
Remove Pin=Q1-24 From Net=DC18
Remove Pin=Q1-25 From Net=DC19
